2026-06-15T09:48:24.555Z [nileopedia-backend] error: Document ingestion failed: 4662c944-0472-4870-8923-eebe3eddfc7c Vector dimension 384 does not match the dimension of the index 3072
2026-06-15T14:39:30.906Z [nileopedia-backend] error: Document ingestion failed: 2f03e4a9-56a4-4d4c-a791-b12180c77f23 A call to https://api.pinecone.io/indexes/nileopedia-med returned HTTP status 404.
2026-06-15T14:43:41.991Z [nileopedia-backend] error: Document ingestion failed: 4662c944-0472-4870-8923-eebe3eddfc7c Vector dimension 384 does not match the dimension of the index 3072
2026-07-22T10:16:02.923Z [nileopedia-backend] error: Email connection check failed RESEND_API_KEY is not configured
2026-07-22T10:16:04.137Z [nileopedia-backend] error: [ERROR] Pinecone retrieval failed: retrievalService.hybridSearch is not a function
2026-07-22T10:16:04.398Z [nileopedia-backend] error: [ERROR] Pinecone retrieval failed: retrievalService.hybridSearch is not a function
2026-07-22T10:16:04.991Z [nileopedia-backend] error: [ERROR] Pinecone retrieval failed: retrievalService.hybridSearch is not a function
2026-07-22T10:16:05.110Z [nileopedia-backend] error: [ERROR] Pinecone retrieval failed: retrievalService.hybridSearch is not a function
2026-07-22T10:16:05.181Z [nileopedia-backend] error: [ERROR] Pinecone retrieval failed: retrievalService.hybridSearch is not a function
2026-07-22T10:16:05.274Z [nileopedia-backend] error: [ERROR] Pinecone retrieval failed: retrievalService.hybridSearch is not a function
2026-07-22T10:16:05.319Z [nileopedia-backend] error: [ERROR] Pinecone retrieval failed: retrievalService.hybridSearch is not a function
2026-07-22T10:16:05.372Z [nileopedia-backend] error: [ERROR] Pinecone retrieval failed: retrievalService.hybridSearch is not a function
2026-07-22T10:19:01.742Z [nileopedia-backend] error: Email sending failed to test@example.com
2026-07-22T10:19:01.778Z [nileopedia-backend] error: Email connection check failed RESEND_API_KEY is not configured
2026-07-22T10:19:06.093Z [nileopedia-backend] error: [ERROR] Pinecone retrieval failed: retrievalService.hybridSearch is not a function
2026-07-22T10:19:06.198Z [nileopedia-backend] error: [ERROR] Pinecone retrieval failed: retrievalService.hybridSearch is not a function
2026-07-22T10:19:06.915Z [nileopedia-backend] error: [ERROR] Pinecone retrieval failed: retrievalService.hybridSearch is not a function
2026-07-22T10:19:06.994Z [nileopedia-backend] error: [ERROR] Pinecone retrieval failed: retrievalService.hybridSearch is not a function
2026-07-22T10:19:07.110Z [nileopedia-backend] error: [ERROR] Pinecone retrieval failed: retrievalService.hybridSearch is not a function
2026-07-22T10:19:07.237Z [nileopedia-backend] error: [ERROR] Pinecone retrieval failed: retrievalService.hybridSearch is not a function
2026-07-22T10:19:07.345Z [nileopedia-backend] error: [ERROR] Pinecone retrieval failed: retrievalService.hybridSearch is not a function
2026-07-22T10:19:07.412Z [nileopedia-backend] error: [ERROR] Pinecone retrieval failed: retrievalService.hybridSearch is not a function
2026-07-23T06:00:48.843Z [nileopedia-backend] error: [ERROR] Embedding generation failed: Embedding service unavailable
2026-07-23T06:00:48.936Z [nileopedia-backend] error: [ERROR] Pinecone retrieval failed: retrievalService.hybridSearch is not a function
2026-07-23T06:00:49.232Z [nileopedia-backend] error: [ERROR] Pinecone retrieval failed: retrievalService.hybridSearch is not a function
2026-07-23T06:00:49.276Z [nileopedia-backend] error: [ERROR] Pinecone retrieval failed: retrievalService.hybridSearch is not a function
2026-07-23T06:00:49.329Z [nileopedia-backend] error: [ERROR] Pinecone retrieval failed: retrievalService.hybridSearch is not a function
2026-07-23T06:00:49.382Z [nileopedia-backend] error: [ERROR] Pinecone retrieval failed: retrievalService.hybridSearch is not a function
2026-07-23T06:00:49.436Z [nileopedia-backend] error: [ERROR] Pinecone retrieval failed: retrievalService.hybridSearch is not a function
2026-07-23T06:00:49.490Z [nileopedia-backend] error: [ERROR] Pinecone retrieval failed: retrievalService.hybridSearch is not a function
2026-07-23T06:01:59.679Z [nileopedia-backend] error: Email sending failed to test@example.com
2026-07-23T06:01:59.687Z [nileopedia-backend] error: Email connection check failed RESEND_API_KEY is not configured
2026-07-23T06:02:01.135Z [nileopedia-backend] error: [ERROR] Embedding generation failed: Embedding service unavailable
2026-07-23T06:02:01.296Z [nileopedia-backend] error: [ERROR] Pinecone retrieval failed: retrievalService.hybridSearch is not a function
2026-07-23T06:02:01.701Z [nileopedia-backend] error: [ERROR] Pinecone retrieval failed: retrievalService.hybridSearch is not a function
2026-07-23T06:02:01.754Z [nileopedia-backend] error: [ERROR] Pinecone retrieval failed: retrievalService.hybridSearch is not a function
2026-07-23T06:02:01.838Z [nileopedia-backend] error: [ERROR] Pinecone retrieval failed: retrievalService.hybridSearch is not a function
2026-07-23T06:02:01.885Z [nileopedia-backend] error: [ERROR] Pinecone retrieval failed: retrievalService.hybridSearch is not a function
2026-07-23T06:02:01.942Z [nileopedia-backend] error: [ERROR] Pinecone retrieval failed: retrievalService.hybridSearch is not a function
2026-07-23T06:02:02.158Z [nileopedia-backend] error: [ERROR] Pinecone retrieval failed: retrievalService.hybridSearch is not a function
2026-07-23T06:46:18.553Z [nileopedia-backend] error: Email sending failed to test@example.com
2026-07-23T06:46:18.606Z [nileopedia-backend] error: Email connection check failed RESEND_API_KEY is not configured
2026-07-23T06:46:17.804Z [nileopedia-backend] error: [ERROR] Embedding generation failed: Embedding service unavailable
2026-07-23T06:46:18.014Z [nileopedia-backend] error: [ERROR] Pinecone retrieval failed: retrievalService.hybridSearch is not a function
2026-07-23T06:46:18.657Z [nileopedia-backend] error: [ERROR] Pinecone retrieval failed: retrievalService.hybridSearch is not a function
2026-07-23T06:46:18.728Z [nileopedia-backend] error: [ERROR] Pinecone retrieval failed: retrievalService.hybridSearch is not a function
2026-07-23T06:46:18.860Z [nileopedia-backend] error: [ERROR] Pinecone retrieval failed: retrievalService.hybridSearch is not a function
2026-07-23T06:46:18.949Z [nileopedia-backend] error: [ERROR] Pinecone retrieval failed: retrievalService.hybridSearch is not a function
2026-07-23T06:46:18.990Z [nileopedia-backend] error: [ERROR] Pinecone retrieval failed: retrievalService.hybridSearch is not a function
2026-07-23T06:46:19.096Z [nileopedia-backend] error: [ERROR] Pinecone retrieval failed: retrievalService.hybridSearch is not a function
2026-07-24T07:46:28.583Z [nileopedia-backend] error: [ERROR] Embedding generation failed: Embedding service unavailable
2026-07-24T07:46:28.915Z [nileopedia-backend] error: [ERROR] Pinecone retrieval failed: retrievalService.hybridSearch is not a function
2026-07-24T07:46:30.331Z [nileopedia-backend] error: [ERROR] Pinecone retrieval failed: retrievalService.hybridSearch is not a function
2026-07-24T07:46:30.559Z [nileopedia-backend] error: [ERROR] Pinecone retrieval failed: retrievalService.hybridSearch is not a function
2026-07-24T07:46:30.801Z [nileopedia-backend] error: [ERROR] Pinecone retrieval failed: retrievalService.hybridSearch is not a function
2026-07-24T07:46:30.851Z [nileopedia-backend] error: [ERROR] Pinecone retrieval failed: retrievalService.hybridSearch is not a function
2026-07-24T07:46:30.907Z [nileopedia-backend] error: [ERROR] Pinecone retrieval failed: retrievalService.hybridSearch is not a function
2026-07-24T07:46:31.044Z [nileopedia-backend] error: [ERROR] Pinecone retrieval failed: retrievalService.hybridSearch is not a function
2026-07-24T07:46:43.325Z [nileopedia-backend] error: Email sending failed to test@example.com
2026-07-24T07:46:43.624Z [nileopedia-backend] error: Email connection check failed RESEND_API_KEY is not configured
2026-07-24T07:47:25.415Z [nileopedia-backend] error: [ERROR] Pinecone retrieval failed: The API key you provided was rejected while calling https://api.pinecone.io/indexes/nileopedia-medical. Please check your configuration values and try again. You can find the configuration values for your project in the Pinecone developer console at https://app.pinecone.io
2026-07-24T07:47:32.842Z [nileopedia-backend] error: [ERROR] Pinecone retrieval failed: The API key you provided was rejected while calling https://api.pinecone.io/indexes/nileopedia-medical. Please check your configuration values and try again. You can find the configuration values for your project in the Pinecone developer console at https://app.pinecone.io
2026-07-24T07:47:35.706Z [nileopedia-backend] error: [ERROR] Pinecone retrieval failed: The API key you provided was rejected while calling https://api.pinecone.io/indexes/nileopedia-medical. Please check your configuration values and try again. You can find the configuration values for your project in the Pinecone developer console at https://app.pinecone.io
2026-07-24T07:47:38.308Z [nileopedia-backend] error: [ERROR] Pinecone retrieval failed: The API key you provided was rejected while calling https://api.pinecone.io/indexes/nileopedia-medical. Please check your configuration values and try again. You can find the configuration values for your project in the Pinecone developer console at https://app.pinecone.io
2026-07-24T07:54:30.061Z [nileopedia-backend] error: Email sending failed to test@example.com
2026-07-24T07:54:26.798Z [nileopedia-backend] error: [ERROR] Embedding generation failed: Embedding service unavailable
2026-07-24T07:54:27.276Z [nileopedia-backend] error: [ERROR] Pinecone retrieval failed: retrievalService.hybridSearch is not a function
2026-07-24T07:54:28.286Z [nileopedia-backend] error: [ERROR] Pinecone retrieval failed: retrievalService.hybridSearch is not a function
2026-07-24T07:54:28.371Z [nileopedia-backend] error: [ERROR] Pinecone retrieval failed: retrievalService.hybridSearch is not a function
2026-07-24T07:54:28.534Z [nileopedia-backend] error: [ERROR] Pinecone retrieval failed: retrievalService.hybridSearch is not a function
2026-07-24T07:54:28.810Z [nileopedia-backend] error: [ERROR] Pinecone retrieval failed: retrievalService.hybridSearch is not a function
2026-07-24T07:54:29.170Z [nileopedia-backend] error: [ERROR] Pinecone retrieval failed: retrievalService.hybridSearch is not a function
2026-07-24T07:54:29.457Z [nileopedia-backend] error: [ERROR] Pinecone retrieval failed: retrievalService.hybridSearch is not a function
2026-07-24T07:54:30.255Z [nileopedia-backend] error: Email connection check failed RESEND_API_KEY is not configured
