2026-06-04T20:47:00.096Z [nileopedia-backend] error: Error in register controller: Cannot read properties of undefined (reading 'authService')
2026-06-04T21:10:06.521Z [nileopedia-backend] error: AI generation failed for question: 3db56ee6-412f-4ca3-9888-0d580ce12649 Request failed with status code 500
2026-06-04T21:10:06.528Z [nileopedia-backend] error: AI generation job failed: 1 Request failed with status code 500
2026-06-04T21:10:10.703Z [nileopedia-backend] error: AI generation failed for question: 3db56ee6-412f-4ca3-9888-0d580ce12649 Request failed with status code 500
2026-06-04T21:10:10.707Z [nileopedia-backend] error: AI generation job failed: 1 Request failed with status code 500
2026-06-04T21:10:17.073Z [nileopedia-backend] error: AI generation failed for question: 3db56ee6-412f-4ca3-9888-0d580ce12649 Request failed with status code 500
2026-06-04T21:10:17.082Z [nileopedia-backend] error: AI generation job failed: 1 Request failed with status code 500
2026-06-05T23:32:11.007Z [nileopedia-backend] error: Google OAuth callback error: invalid_client
2026-06-05T23:32:11.008Z [nileopedia-backend] error: Error in Google callback: invalid_client
2026-06-05T23:32:22.852Z [nileopedia-backend] error: Google OAuth callback error: invalid_client
2026-06-05T23:32:22.853Z [nileopedia-backend] error: Error in Google callback: invalid_client
2026-06-05T23:32:27.155Z [nileopedia-backend] error: Google OAuth callback error: invalid_client
2026-06-05T23:32:27.156Z [nileopedia-backend] error: Error in Google callback: invalid_client
2026-06-05T23:36:36.822Z [nileopedia-backend] error: Error in getQuestion controller: 
Invalid `prisma.question.findUnique()` invocation in
/home/mrnibra/Desktop/NileoPedia-medical/apps/backend/src/modules/questions/services/questions.service.ts:36:44

  33 }
  34 
  35 async getQuestion(questionId: string) {
→ 36   const question = await prisma.question.findUnique(
The column `AIResponse.keyFindings` does not exist in the current database.
2026-06-05T23:36:39.895Z [nileopedia-backend] error: Error in getQuestion controller: 
Invalid `prisma.question.findUnique()` invocation in
/home/mrnibra/Desktop/NileoPedia-medical/apps/backend/src/modules/questions/services/questions.service.ts:36:44

  33 }
  34 
  35 async getQuestion(questionId: string) {
→ 36   const question = await prisma.question.findUnique(
The column `AIResponse.keyFindings` does not exist in the current database.
2026-06-05T23:36:42.939Z [nileopedia-backend] error: Error in getQuestion controller: 
Invalid `prisma.question.findUnique()` invocation in
/home/mrnibra/Desktop/NileoPedia-medical/apps/backend/src/modules/questions/services/questions.service.ts:36:44

  33 }
  34 
  35 async getQuestion(questionId: string) {
→ 36   const question = await prisma.question.findUnique(
The column `AIResponse.keyFindings` does not exist in the current database.
2026-06-05T23:36:45.972Z [nileopedia-backend] error: Error in getQuestion controller: 
Invalid `prisma.question.findUnique()` invocation in
/home/mrnibra/Desktop/NileoPedia-medical/apps/backend/src/modules/questions/services/questions.service.ts:36:44

  33 }
  34 
  35 async getQuestion(questionId: string) {
→ 36   const question = await prisma.question.findUnique(
The column `AIResponse.keyFindings` does not exist in the current database.
2026-06-05T23:36:49.010Z [nileopedia-backend] error: Error in getQuestion controller: 
Invalid `prisma.question.findUnique()` invocation in
/home/mrnibra/Desktop/NileoPedia-medical/apps/backend/src/modules/questions/services/questions.service.ts:36:44

  33 }
  34 
  35 async getQuestion(questionId: string) {
→ 36   const question = await prisma.question.findUnique(
The column `AIResponse.keyFindings` does not exist in the current database.
2026-06-05T23:36:52.033Z [nileopedia-backend] error: Error in getQuestion controller: 
Invalid `prisma.question.findUnique()` invocation in
/home/mrnibra/Desktop/NileoPedia-medical/apps/backend/src/modules/questions/services/questions.service.ts:36:44

  33 }
  34 
  35 async getQuestion(questionId: string) {
→ 36   const question = await prisma.question.findUnique(
The column `AIResponse.keyFindings` does not exist in the current database.
2026-06-05T23:36:55.068Z [nileopedia-backend] error: Error in getQuestion controller: 
Invalid `prisma.question.findUnique()` invocation in
/home/mrnibra/Desktop/NileoPedia-medical/apps/backend/src/modules/questions/services/questions.service.ts:36:44

  33 }
  34 
  35 async getQuestion(questionId: string) {
→ 36   const question = await prisma.question.findUnique(
The column `AIResponse.keyFindings` does not exist in the current database.
2026-06-05T23:36:58.089Z [nileopedia-backend] error: Error in getQuestion controller: 
Invalid `prisma.question.findUnique()` invocation in
/home/mrnibra/Desktop/NileoPedia-medical/apps/backend/src/modules/questions/services/questions.service.ts:36:44

  33 }
  34 
  35 async getQuestion(questionId: string) {
→ 36   const question = await prisma.question.findUnique(
The column `AIResponse.keyFindings` does not exist in the current database.
2026-06-05T23:37:01.111Z [nileopedia-backend] error: Error in getQuestion controller: 
Invalid `prisma.question.findUnique()` invocation in
/home/mrnibra/Desktop/NileoPedia-medical/apps/backend/src/modules/questions/services/questions.service.ts:36:44

  33 }
  34 
  35 async getQuestion(questionId: string) {
→ 36   const question = await prisma.question.findUnique(
The column `AIResponse.keyFindings` does not exist in the current database.
2026-06-05T23:37:04.137Z [nileopedia-backend] error: Error in getQuestion controller: 
Invalid `prisma.question.findUnique()` invocation in
/home/mrnibra/Desktop/NileoPedia-medical/apps/backend/src/modules/questions/services/questions.service.ts:36:44

  33 }
  34 
  35 async getQuestion(questionId: string) {
→ 36   const question = await prisma.question.findUnique(
The column `AIResponse.keyFindings` does not exist in the current database.
2026-06-05T23:37:07.183Z [nileopedia-backend] error: Error in getQuestion controller: 
Invalid `prisma.question.findUnique()` invocation in
/home/mrnibra/Desktop/NileoPedia-medical/apps/backend/src/modules/questions/services/questions.service.ts:36:44

  33 }
  34 
  35 async getQuestion(questionId: string) {
→ 36   const question = await prisma.question.findUnique(
The column `AIResponse.keyFindings` does not exist in the current database.
2026-06-05T23:37:10.207Z [nileopedia-backend] error: Error in getQuestion controller: 
Invalid `prisma.question.findUnique()` invocation in
/home/mrnibra/Desktop/NileoPedia-medical/apps/backend/src/modules/questions/services/questions.service.ts:36:44

  33 }
  34 
  35 async getQuestion(questionId: string) {
→ 36   const question = await prisma.question.findUnique(
The column `AIResponse.keyFindings` does not exist in the current database.
2026-06-05T23:37:13.237Z [nileopedia-backend] error: Error in getQuestion controller: 
Invalid `prisma.question.findUnique()` invocation in
/home/mrnibra/Desktop/NileoPedia-medical/apps/backend/src/modules/questions/services/questions.service.ts:36:44

  33 }
  34 
  35 async getQuestion(questionId: string) {
→ 36   const question = await prisma.question.findUnique(
The column `AIResponse.keyFindings` does not exist in the current database.
2026-06-05T23:37:16.264Z [nileopedia-backend] error: Error in getQuestion controller: 
Invalid `prisma.question.findUnique()` invocation in
/home/mrnibra/Desktop/NileoPedia-medical/apps/backend/src/modules/questions/services/questions.service.ts:36:44

  33 }
  34 
  35 async getQuestion(questionId: string) {
→ 36   const question = await prisma.question.findUnique(
The column `AIResponse.keyFindings` does not exist in the current database.
2026-06-05T23:37:19.291Z [nileopedia-backend] error: Error in getQuestion controller: 
Invalid `prisma.question.findUnique()` invocation in
/home/mrnibra/Desktop/NileoPedia-medical/apps/backend/src/modules/questions/services/questions.service.ts:36:44

  33 }
  34 
  35 async getQuestion(questionId: string) {
→ 36   const question = await prisma.question.findUnique(
The column `AIResponse.keyFindings` does not exist in the current database.
2026-06-05T23:37:22.305Z [nileopedia-backend] error: Error in getQuestion controller: 
Invalid `prisma.question.findUnique()` invocation in
/home/mrnibra/Desktop/NileoPedia-medical/apps/backend/src/modules/questions/services/questions.service.ts:36:44

  33 }
  34 
  35 async getQuestion(questionId: string) {
→ 36   const question = await prisma.question.findUnique(
The column `AIResponse.keyFindings` does not exist in the current database.
2026-06-05T23:37:25.324Z [nileopedia-backend] error: Error in getQuestion controller: 
Invalid `prisma.question.findUnique()` invocation in
/home/mrnibra/Desktop/NileoPedia-medical/apps/backend/src/modules/questions/services/questions.service.ts:36:44

  33 }
  34 
  35 async getQuestion(questionId: string) {
→ 36   const question = await prisma.question.findUnique(
The column `AIResponse.keyFindings` does not exist in the current database.
2026-06-05T23:37:28.338Z [nileopedia-backend] error: Error in getQuestion controller: 
Invalid `prisma.question.findUnique()` invocation in
/home/mrnibra/Desktop/NileoPedia-medical/apps/backend/src/modules/questions/services/questions.service.ts:36:44

  33 }
  34 
  35 async getQuestion(questionId: string) {
→ 36   const question = await prisma.question.findUnique(
The column `AIResponse.keyFindings` does not exist in the current database.
2026-06-05T23:37:31.356Z [nileopedia-backend] error: Error in getQuestion controller: 
Invalid `prisma.question.findUnique()` invocation in
/home/mrnibra/Desktop/NileoPedia-medical/apps/backend/src/modules/questions/services/questions.service.ts:36:44

  33 }
  34 
  35 async getQuestion(questionId: string) {
→ 36   const question = await prisma.question.findUnique(
The column `AIResponse.keyFindings` does not exist in the current database.
2026-06-05T23:37:34.372Z [nileopedia-backend] error: Error in getQuestion controller: 
Invalid `prisma.question.findUnique()` invocation in
/home/mrnibra/Desktop/NileoPedia-medical/apps/backend/src/modules/questions/services/questions.service.ts:36:44

  33 }
  34 
  35 async getQuestion(questionId: string) {
→ 36   const question = await prisma.question.findUnique(
The column `AIResponse.keyFindings` does not exist in the current database.
2026-06-05T23:37:37.392Z [nileopedia-backend] error: Error in getQuestion controller: 
Invalid `prisma.question.findUnique()` invocation in
/home/mrnibra/Desktop/NileoPedia-medical/apps/backend/src/modules/questions/services/questions.service.ts:36:44

  33 }
  34 
  35 async getQuestion(questionId: string) {
→ 36   const question = await prisma.question.findUnique(
The column `AIResponse.keyFindings` does not exist in the current database.
2026-06-05T23:37:40.409Z [nileopedia-backend] error: Error in getQuestion controller: 
Invalid `prisma.question.findUnique()` invocation in
/home/mrnibra/Desktop/NileoPedia-medical/apps/backend/src/modules/questions/services/questions.service.ts:36:44

  33 }
  34 
  35 async getQuestion(questionId: string) {
→ 36   const question = await prisma.question.findUnique(
The column `AIResponse.keyFindings` does not exist in the current database.
2026-06-05T23:37:43.458Z [nileopedia-backend] error: Error in getQuestion controller: 
Invalid `prisma.question.findUnique()` invocation in
/home/mrnibra/Desktop/NileoPedia-medical/apps/backend/src/modules/questions/services/questions.service.ts:36:44

  33 }
  34 
  35 async getQuestion(questionId: string) {
→ 36   const question = await prisma.question.findUnique(
The column `AIResponse.keyFindings` does not exist in the current database.
2026-06-05T23:37:46.496Z [nileopedia-backend] error: Error in getQuestion controller: 
Invalid `prisma.question.findUnique()` invocation in
/home/mrnibra/Desktop/NileoPedia-medical/apps/backend/src/modules/questions/services/questions.service.ts:36:44

  33 }
  34 
  35 async getQuestion(questionId: string) {
→ 36   const question = await prisma.question.findUnique(
The column `AIResponse.keyFindings` does not exist in the current database.
2026-06-05T23:37:49.535Z [nileopedia-backend] error: Error in getQuestion controller: 
Invalid `prisma.question.findUnique()` invocation in
/home/mrnibra/Desktop/NileoPedia-medical/apps/backend/src/modules/questions/services/questions.service.ts:36:44

  33 }
  34 
  35 async getQuestion(questionId: string) {
→ 36   const question = await prisma.question.findUnique(
The column `AIResponse.keyFindings` does not exist in the current database.
2026-06-05T23:37:52.555Z [nileopedia-backend] error: Error in getQuestion controller: 
Invalid `prisma.question.findUnique()` invocation in
/home/mrnibra/Desktop/NileoPedia-medical/apps/backend/src/modules/questions/services/questions.service.ts:36:44

  33 }
  34 
  35 async getQuestion(questionId: string) {
→ 36   const question = await prisma.question.findUnique(
The column `AIResponse.keyFindings` does not exist in the current database.
2026-06-05T23:37:55.575Z [nileopedia-backend] error: Error in getQuestion controller: 
Invalid `prisma.question.findUnique()` invocation in
/home/mrnibra/Desktop/NileoPedia-medical/apps/backend/src/modules/questions/services/questions.service.ts:36:44

  33 }
  34 
  35 async getQuestion(questionId: string) {
→ 36   const question = await prisma.question.findUnique(
The column `AIResponse.keyFindings` does not exist in the current database.
2026-06-05T23:37:58.592Z [nileopedia-backend] error: Error in getQuestion controller: 
Invalid `prisma.question.findUnique()` invocation in
/home/mrnibra/Desktop/NileoPedia-medical/apps/backend/src/modules/questions/services/questions.service.ts:36:44

  33 }
  34 
  35 async getQuestion(questionId: string) {
→ 36   const question = await prisma.question.findUnique(
The column `AIResponse.keyFindings` does not exist in the current database.
2026-06-05T23:38:01.611Z [nileopedia-backend] error: Error in getQuestion controller: 
Invalid `prisma.question.findUnique()` invocation in
/home/mrnibra/Desktop/NileoPedia-medical/apps/backend/src/modules/questions/services/questions.service.ts:36:44

  33 }
  34 
  35 async getQuestion(questionId: string) {
→ 36   const question = await prisma.question.findUnique(
The column `AIResponse.keyFindings` does not exist in the current database.
2026-06-05T23:38:04.625Z [nileopedia-backend] error: Error in getQuestion controller: 
Invalid `prisma.question.findUnique()` invocation in
/home/mrnibra/Desktop/NileoPedia-medical/apps/backend/src/modules/questions/services/questions.service.ts:36:44

  33 }
  34 
  35 async getQuestion(questionId: string) {
→ 36   const question = await prisma.question.findUnique(
The column `AIResponse.keyFindings` does not exist in the current database.
2026-06-05T23:38:07.642Z [nileopedia-backend] error: Error in getQuestion controller: 
Invalid `prisma.question.findUnique()` invocation in
/home/mrnibra/Desktop/NileoPedia-medical/apps/backend/src/modules/questions/services/questions.service.ts:36:44

  33 }
  34 
  35 async getQuestion(questionId: string) {
→ 36   const question = await prisma.question.findUnique(
The column `AIResponse.keyFindings` does not exist in the current database.
2026-06-05T23:38:10.664Z [nileopedia-backend] error: Error in getQuestion controller: 
Invalid `prisma.question.findUnique()` invocation in
/home/mrnibra/Desktop/NileoPedia-medical/apps/backend/src/modules/questions/services/questions.service.ts:36:44

  33 }
  34 
  35 async getQuestion(questionId: string) {
→ 36   const question = await prisma.question.findUnique(
The column `AIResponse.keyFindings` does not exist in the current database.
2026-06-05T23:38:13.687Z [nileopedia-backend] error: Error in getQuestion controller: 
Invalid `prisma.question.findUnique()` invocation in
/home/mrnibra/Desktop/NileoPedia-medical/apps/backend/src/modules/questions/services/questions.service.ts:36:44

  33 }
  34 
  35 async getQuestion(questionId: string) {
→ 36   const question = await prisma.question.findUnique(
The column `AIResponse.keyFindings` does not exist in the current database.
2026-06-05T23:38:16.703Z [nileopedia-backend] error: Error in getQuestion controller: 
Invalid `prisma.question.findUnique()` invocation in
/home/mrnibra/Desktop/NileoPedia-medical/apps/backend/src/modules/questions/services/questions.service.ts:36:44

  33 }
  34 
  35 async getQuestion(questionId: string) {
→ 36   const question = await prisma.question.findUnique(
The column `AIResponse.keyFindings` does not exist in the current database.
2026-06-05T23:38:19.721Z [nileopedia-backend] error: Error in getQuestion controller: 
Invalid `prisma.question.findUnique()` invocation in
/home/mrnibra/Desktop/NileoPedia-medical/apps/backend/src/modules/questions/services/questions.service.ts:36:44

  33 }
  34 
  35 async getQuestion(questionId: string) {
→ 36   const question = await prisma.question.findUnique(
The column `AIResponse.keyFindings` does not exist in the current database.
2026-06-05T23:38:22.735Z [nileopedia-backend] error: Error in getQuestion controller: 
Invalid `prisma.question.findUnique()` invocation in
/home/mrnibra/Desktop/NileoPedia-medical/apps/backend/src/modules/questions/services/questions.service.ts:36:44

  33 }
  34 
  35 async getQuestion(questionId: string) {
→ 36   const question = await prisma.question.findUnique(
The column `AIResponse.keyFindings` does not exist in the current database.
2026-06-05T23:38:25.753Z [nileopedia-backend] error: Error in getQuestion controller: 
Invalid `prisma.question.findUnique()` invocation in
/home/mrnibra/Desktop/NileoPedia-medical/apps/backend/src/modules/questions/services/questions.service.ts:36:44

  33 }
  34 
  35 async getQuestion(questionId: string) {
→ 36   const question = await prisma.question.findUnique(
The column `AIResponse.keyFindings` does not exist in the current database.
2026-06-05T23:38:28.767Z [nileopedia-backend] error: Error in getQuestion controller: 
Invalid `prisma.question.findUnique()` invocation in
/home/mrnibra/Desktop/NileoPedia-medical/apps/backend/src/modules/questions/services/questions.service.ts:36:44

  33 }
  34 
  35 async getQuestion(questionId: string) {
→ 36   const question = await prisma.question.findUnique(
The column `AIResponse.keyFindings` does not exist in the current database.
2026-06-05T23:38:31.785Z [nileopedia-backend] error: Error in getQuestion controller: 
Invalid `prisma.question.findUnique()` invocation in
/home/mrnibra/Desktop/NileoPedia-medical/apps/backend/src/modules/questions/services/questions.service.ts:36:44

  33 }
  34 
  35 async getQuestion(questionId: string) {
→ 36   const question = await prisma.question.findUnique(
The column `AIResponse.keyFindings` does not exist in the current database.
2026-06-05T23:38:34.816Z [nileopedia-backend] error: Error in getQuestion controller: 
Invalid `prisma.question.findUnique()` invocation in
/home/mrnibra/Desktop/NileoPedia-medical/apps/backend/src/modules/questions/services/questions.service.ts:36:44

  33 }
  34 
  35 async getQuestion(questionId: string) {
→ 36   const question = await prisma.question.findUnique(
The column `AIResponse.keyFindings` does not exist in the current database.
2026-06-05T23:38:37.840Z [nileopedia-backend] error: Error in getQuestion controller: 
Invalid `prisma.question.findUnique()` invocation in
/home/mrnibra/Desktop/NileoPedia-medical/apps/backend/src/modules/questions/services/questions.service.ts:36:44

  33 }
  34 
  35 async getQuestion(questionId: string) {
→ 36   const question = await prisma.question.findUnique(
The column `AIResponse.keyFindings` does not exist in the current database.
2026-06-05T23:38:40.855Z [nileopedia-backend] error: Error in getQuestion controller: 
Invalid `prisma.question.findUnique()` invocation in
/home/mrnibra/Desktop/NileoPedia-medical/apps/backend/src/modules/questions/services/questions.service.ts:36:44

  33 }
  34 
  35 async getQuestion(questionId: string) {
→ 36   const question = await prisma.question.findUnique(
The column `AIResponse.keyFindings` does not exist in the current database.
2026-06-05T23:38:43.909Z [nileopedia-backend] error: Error in getQuestion controller: 
Invalid `prisma.question.findUnique()` invocation in
/home/mrnibra/Desktop/NileoPedia-medical/apps/backend/src/modules/questions/services/questions.service.ts:36:44

  33 }
  34 
  35 async getQuestion(questionId: string) {
→ 36   const question = await prisma.question.findUnique(
The column `AIResponse.keyFindings` does not exist in the current database.
2026-06-05T23:38:46.938Z [nileopedia-backend] error: Error in getQuestion controller: 
Invalid `prisma.question.findUnique()` invocation in
/home/mrnibra/Desktop/NileoPedia-medical/apps/backend/src/modules/questions/services/questions.service.ts:36:44

  33 }
  34 
  35 async getQuestion(questionId: string) {
→ 36   const question = await prisma.question.findUnique(
The column `AIResponse.keyFindings` does not exist in the current database.
2026-06-05T23:38:49.959Z [nileopedia-backend] error: Error in getQuestion controller: 
Invalid `prisma.question.findUnique()` invocation in
/home/mrnibra/Desktop/NileoPedia-medical/apps/backend/src/modules/questions/services/questions.service.ts:36:44

  33 }
  34 
  35 async getQuestion(questionId: string) {
→ 36   const question = await prisma.question.findUnique(
The column `AIResponse.keyFindings` does not exist in the current database.
2026-06-05T23:38:52.975Z [nileopedia-backend] error: Error in getQuestion controller: 
Invalid `prisma.question.findUnique()` invocation in
/home/mrnibra/Desktop/NileoPedia-medical/apps/backend/src/modules/questions/services/questions.service.ts:36:44

  33 }
  34 
  35 async getQuestion(questionId: string) {
→ 36   const question = await prisma.question.findUnique(
The column `AIResponse.keyFindings` does not exist in the current database.
2026-06-05T23:38:55.995Z [nileopedia-backend] error: Error in getQuestion controller: 
Invalid `prisma.question.findUnique()` invocation in
/home/mrnibra/Desktop/NileoPedia-medical/apps/backend/src/modules/questions/services/questions.service.ts:36:44

  33 }
  34 
  35 async getQuestion(questionId: string) {
→ 36   const question = await prisma.question.findUnique(
The column `AIResponse.keyFindings` does not exist in the current database.
2026-06-05T23:38:59.038Z [nileopedia-backend] error: Error in getQuestion controller: 
Invalid `prisma.question.findUnique()` invocation in
/home/mrnibra/Desktop/NileoPedia-medical/apps/backend/src/modules/questions/services/questions.service.ts:36:44

  33 }
  34 
  35 async getQuestion(questionId: string) {
→ 36   const question = await prisma.question.findUnique(
The column `AIResponse.keyFindings` does not exist in the current database.
2026-06-05T23:39:02.105Z [nileopedia-backend] error: Error in getQuestion controller: 
Invalid `prisma.question.findUnique()` invocation in
/home/mrnibra/Desktop/NileoPedia-medical/apps/backend/src/modules/questions/services/questions.service.ts:36:44

  33 }
  34 
  35 async getQuestion(questionId: string) {
→ 36   const question = await prisma.question.findUnique(
The column `AIResponse.keyFindings` does not exist in the current database.
2026-06-05T23:39:05.120Z [nileopedia-backend] error: Error in getQuestion controller: 
Invalid `prisma.question.findUnique()` invocation in
/home/mrnibra/Desktop/NileoPedia-medical/apps/backend/src/modules/questions/services/questions.service.ts:36:44

  33 }
  34 
  35 async getQuestion(questionId: string) {
→ 36   const question = await prisma.question.findUnique(
The column `AIResponse.keyFindings` does not exist in the current database.
2026-06-05T23:39:08.154Z [nileopedia-backend] error: Error in getQuestion controller: 
Invalid `prisma.question.findUnique()` invocation in
/home/mrnibra/Desktop/NileoPedia-medical/apps/backend/src/modules/questions/services/questions.service.ts:36:44

  33 }
  34 
  35 async getQuestion(questionId: string) {
→ 36   const question = await prisma.question.findUnique(
The column `AIResponse.keyFindings` does not exist in the current database.
2026-06-05T23:39:11.198Z [nileopedia-backend] error: Error in getQuestion controller: 
Invalid `prisma.question.findUnique()` invocation in
/home/mrnibra/Desktop/NileoPedia-medical/apps/backend/src/modules/questions/services/questions.service.ts:36:44

  33 }
  34 
  35 async getQuestion(questionId: string) {
→ 36   const question = await prisma.question.findUnique(
The column `AIResponse.keyFindings` does not exist in the current database.
2026-06-05T23:39:14.238Z [nileopedia-backend] error: Error in getQuestion controller: 
Invalid `prisma.question.findUnique()` invocation in
/home/mrnibra/Desktop/NileoPedia-medical/apps/backend/src/modules/questions/services/questions.service.ts:36:44

  33 }
  34 
  35 async getQuestion(questionId: string) {
→ 36   const question = await prisma.question.findUnique(
The column `AIResponse.keyFindings` does not exist in the current database.
2026-06-05T23:39:17.271Z [nileopedia-backend] error: Error in getQuestion controller: 
Invalid `prisma.question.findUnique()` invocation in
/home/mrnibra/Desktop/NileoPedia-medical/apps/backend/src/modules/questions/services/questions.service.ts:36:44

  33 }
  34 
  35 async getQuestion(questionId: string) {
→ 36   const question = await prisma.question.findUnique(
The column `AIResponse.keyFindings` does not exist in the current database.
2026-06-05T23:39:20.306Z [nileopedia-backend] error: Error in getQuestion controller: 
Invalid `prisma.question.findUnique()` invocation in
/home/mrnibra/Desktop/NileoPedia-medical/apps/backend/src/modules/questions/services/questions.service.ts:36:44

  33 }
  34 
  35 async getQuestion(questionId: string) {
→ 36   const question = await prisma.question.findUnique(
The column `AIResponse.keyFindings` does not exist in the current database.
2026-06-05T23:39:23.328Z [nileopedia-backend] error: Error in getQuestion controller: 
Invalid `prisma.question.findUnique()` invocation in
/home/mrnibra/Desktop/NileoPedia-medical/apps/backend/src/modules/questions/services/questions.service.ts:36:44

  33 }
  34 
  35 async getQuestion(questionId: string) {
→ 36   const question = await prisma.question.findUnique(
The column `AIResponse.keyFindings` does not exist in the current database.
2026-06-05T23:39:26.354Z [nileopedia-backend] error: Error in getQuestion controller: 
Invalid `prisma.question.findUnique()` invocation in
/home/mrnibra/Desktop/NileoPedia-medical/apps/backend/src/modules/questions/services/questions.service.ts:36:44

  33 }
  34 
  35 async getQuestion(questionId: string) {
→ 36   const question = await prisma.question.findUnique(
The column `AIResponse.keyFindings` does not exist in the current database.
2026-06-05T23:39:26.615Z [nileopedia-backend] error: Error in getHistory controller: 
Invalid `prisma.question.findMany()` invocation in
/home/mrnibra/Desktop/NileoPedia-medical/apps/backend/src/modules/questions/services/questions.service.ts:28:28

  25 }
  26 
  27 async getHistory(userId: string) {
→ 28   return prisma.question.findMany(
The column `AIResponse.keyFindings` does not exist in the current database.
2026-06-05T23:39:26.638Z [nileopedia-backend] error: Error in getHistory controller: 
Invalid `prisma.question.findMany()` invocation in
/home/mrnibra/Desktop/NileoPedia-medical/apps/backend/src/modules/questions/services/questions.service.ts:28:28

  25 }
  26 
  27 async getHistory(userId: string) {
→ 28   return prisma.question.findMany(
The column `AIResponse.keyFindings` does not exist in the current database.
2026-06-05T23:39:29.382Z [nileopedia-backend] error: Error in getQuestion controller: 
Invalid `prisma.question.findUnique()` invocation in
/home/mrnibra/Desktop/NileoPedia-medical/apps/backend/src/modules/questions/services/questions.service.ts:36:44

  33 }
  34 
  35 async getQuestion(questionId: string) {
→ 36   const question = await prisma.question.findUnique(
The column `AIResponse.keyFindings` does not exist in the current database.
2026-06-05T23:39:32.422Z [nileopedia-backend] error: Error in getQuestion controller: 
Invalid `prisma.question.findUnique()` invocation in
/home/mrnibra/Desktop/NileoPedia-medical/apps/backend/src/modules/questions/services/questions.service.ts:36:44

  33 }
  34 
  35 async getQuestion(questionId: string) {
→ 36   const question = await prisma.question.findUnique(
The column `AIResponse.keyFindings` does not exist in the current database.
2026-06-05T23:39:34.983Z [nileopedia-backend] error: Error in getHistory controller: 
Invalid `prisma.question.findMany()` invocation in
/home/mrnibra/Desktop/NileoPedia-medical/apps/backend/src/modules/questions/services/questions.service.ts:28:28

  25 }
  26 
  27 async getHistory(userId: string) {
→ 28   return prisma.question.findMany(
The column `AIResponse.keyFindings` does not exist in the current database.
2026-06-05T23:39:34.999Z [nileopedia-backend] error: Error in getHistory controller: 
Invalid `prisma.question.findMany()` invocation in
/home/mrnibra/Desktop/NileoPedia-medical/apps/backend/src/modules/questions/services/questions.service.ts:28:28

  25 }
  26 
  27 async getHistory(userId: string) {
→ 28   return prisma.question.findMany(
The column `AIResponse.keyFindings` does not exist in the current database.
2026-06-05T23:39:35.454Z [nileopedia-backend] error: Error in getQuestion controller: 
Invalid `prisma.question.findUnique()` invocation in
/home/mrnibra/Desktop/NileoPedia-medical/apps/backend/src/modules/questions/services/questions.service.ts:36:44

  33 }
  34 
  35 async getQuestion(questionId: string) {
→ 36   const question = await prisma.question.findUnique(
The column `AIResponse.keyFindings` does not exist in the current database.
2026-06-05T23:39:38.483Z [nileopedia-backend] error: Error in getQuestion controller: 
Invalid `prisma.question.findUnique()` invocation in
/home/mrnibra/Desktop/NileoPedia-medical/apps/backend/src/modules/questions/services/questions.service.ts:36:44

  33 }
  34 
  35 async getQuestion(questionId: string) {
→ 36   const question = await prisma.question.findUnique(
The column `AIResponse.keyFindings` does not exist in the current database.
